
> rest-express@1.0.0 check
> tsc

client/src/components/ServicesSection.tsx(83,27): error TS2322: Type 'string' is not assignable to type 'never'.
